237.43.24.118 - - [10/Oct/2013:11:07:27 ] "GET /wheelsets HTTP/1.0" 200 3342 "-" "Mozilla/5.0 (Windows; U; MSIE 9.0; WIndows NT 9.0; en-US))"
81.73.150.239 - - [10/Oct/2013:11:11:39 ] "GET /shifters HTTP/1.0" 200 2533 "-" "Mozilla/5.0 (Windows; U; MSIE 9.0; WIndows NT 9.0; en-US))"
81.73.150.239 - - [10/Oct/2013:11:12:47 ] "GET /shifters HTTP/1.0" 200 3235 "http://www.casualcyclist.com" "Mozilla/5.0 (iPad; CPU OS 6_0 like Mac OS X) AppleWebKit/536.26 (KHTML, like Gecko) Version/6.0 Mobile/10A5355d Safari/8536.25"
233.192.62.103 - - [10/Oct/2013:11:17:47 ] "GET /seatposts HTTP/1.0" 200 4795 "-" "Mozilla/5.0 (Linux; U; Android 2.3.5; en-us; HTC Vision Build/GRI40) AppleWebKit/533.1 (KHTML, like Gecko) Version/4.0 Mobile Safari/533.1"
218.193.16.244 - - [10/Oct/2013:11:19:24 ] "GET /shifters HTTP/1.0" 200 4720 "http://bestcyclingreviews.com/top_online_shops" "Mozilla/5.0 (iPad; CPU OS 6_0 like Mac OS X) AppleWebKit/536.26 (KHTML, like Gecko) Version/6.0 Mobile/10A5355d Safari/8536.25"
123.221.14.56 - - [10/Oct/2013:11:21:52 ] "GET /wheelsets HTTP/1.0" 200 2161 "http://searchengine.com" "Mozilla/5.0 (Windows; U; Windows NT 6.1; rv:2.2) Gecko/20110201"
114.214.178.92 - - [10/Oct/2013:11:25:52 ] "GET /Store/cart.jsp?productID=1202 HTTP/1.0" 200 3744 "-" "Mozilla/5.0 (Linux; U; Android 2.3.5; en-us; HTC Vision Build/GRI40) AppleWebKit/533.1 (KHTML, like Gecko) Version/4.0 Mobile Safari/533.1"
244.157.45.12 - - [10/Oct/2013:11:27:58 ] "GET /forks HTTP/1.0" 200 2142 "http://bestcyclingreviews.com/top_online_shops" "Mozilla/5.0 (iPad; CPU OS 6_0 like Mac OS X) AppleWebKit/536.26 (KHTML, like Gecko) Version/6.0 Mobile/10A5355d Safari/8536.25"
218.193.16.244 - - [10/Oct/2013:11:28:57 ] "GET /wheelsets HTTP/1.0" 200 4774 "http://searchengine.com" "Mozilla/5.0 (iPad; CPU OS 6_0 like Mac OS X) AppleWebKit/536.26 (KHTML, like Gecko) Version/6.0 Mobile/10A5355d Safari/8536.25"
233.192.62.103 - - [10/Oct/2013:11:31:00 ] "GET /saddles HTTP/1.0" 200 4223 "http://bestcyclingreviews.com/top_online_shops" "Mozilla/5.0 (Windows NT 5.1; rv:31.0) Gecko/20100101 Firefox/31.0"
10.182.189.79 - - [10/Oct/2013:11:34:24 ] "GET /wheelsets HTTP/1.0" 200 3874 "http://bleater.com" "Mozilla/5.0 (Windows; U; MSIE 9.0; WIndows NT 9.0; en-US))"
114.214.178.92 - - [10/Oct/2013:11:37:18 ] "GET /Store/cart.jsp?productID=1248 HTTP/1.0" 200 2323 "http://bestcyclingreviews.com/top_online_shops" "Mozilla/4.0 (compatible; MSIE 7.0; Windows NT 6.0)"
244.157.45.12 - - [10/Oct/2013:11:41:51 ] "GET /Store/cart.jsp?productID=1134 HTTP/1.0" 200 3197 "http://searchengine.com" "Mozilla/5.0 (Windows NT 5.1; rv:31.0) Gecko/20100101 Firefox/31.0"
81.73.150.239 - - [10/Oct/2013:11:42:53 ] "GET /shifters HTTP/1.0" 200 3957 "http://bleater.com" "Mozilla/5.0 (Macintosh; Intel Mac OS X 10_9_2) AppleWebKit/537.36 (KHTML, like Gecko) Chrome/36.0.1944.0 Safari/537.36"
123.221.14.56 - - [10/Oct/2013:11:43:26 ] "GET /wheelsets HTTP/1.0" 200 3846 "http://bestcyclingreviews.com/top_online_shops" "Mozilla/5.0 (Windows NT 5.1; rv:31.0) Gecko/20100101 Firefox/31.0"
233.192.62.103 - - [10/Oct/2013:11:46:57 ] "GET /handle-bars HTTP/1.0" 200 4067 "http://bestcyclingreviews.com/top_online_shops" "Mozilla/5.0 (Linux; U; Android 2.3.5; en-us; HTC Vision Build/GRI40) AppleWebKit/533.1 (KHTML, like Gecko) Version/4.0 Mobile Safari/533.1"
237.43.24.118 - - [10/Oct/2013:11:50:26 ] "GET /shifters HTTP/1.0" 200 2427 "http://searchengine.com" "Mozilla/5.0 (Windows NT 5.1; rv:31.0) Gecko/20100101 Firefox/31.0"
123.221.14.56 - - [10/Oct/2013:11:54:50 ] "GET /stems HTTP/1.0" 200 3539 "http://searchengine.com" "Mozilla/5.0 (Macintosh; Intel Mac OS X 10_9_2) AppleWebKit/537.36 (KHTML, like Gecko) Chrome/36.0.1944.0 Safari/537.36"
218.193.16.244 - - [10/Oct/2013:11:59:10 ] "GET /Store/cart.jsp?productID=1131 HTTP/1.0" 200 2509 "http://www.casualcyclist.com" "Mozilla/5.0 (Linux; U; Android 2.3.5; en-us; HTC Vision Build/GRI40) AppleWebKit/533.1 (KHTML, like Gecko) Version/4.0 Mobile Safari/533.1"
10.182.189.79 - - [10/Oct/2013:12:00:40 ] "GET /shifters HTTP/1.0" 200 4681 "http://www.casualcyclist.com" "Mozilla/5.0 (Linux; U; Android 2.3.5; en-us; HTC Vision Build/GRI40) AppleWebKit/533.1 (KHTML, like Gecko) Version/4.0 Mobile Safari/533.1"
244.157.45.12 - - [10/Oct/2013:12:04:53 ] "GET /handle-bars HTTP/1.0" 200 4078 "http://www.casualcyclist.com" "Mozilla/5.0 (iPad; CPU OS 6_0 like Mac OS X) AppleWebKit/536.26 (KHTML, like Gecko) Version/6.0 Mobile/10A5355d Safari/8536.25"
10.182.189.79 - - [10/Oct/2013:12:09:47 ] "GET /seatposts HTTP/1.0" 200 2280 "http://www.casualcyclist.com" "Mozilla/5.0 (Linux; U; Android 2.3.5; en-us; HTC Vision Build/GRI40) AppleWebKit/533.1 (KHTML, like Gecko) Version/4.0 Mobile Safari/533.1"
237.43.24.118 - - [10/Oct/2013:12:12:05 ] "GET /forks HTTP/1.0" 200 4497 "http://bestcyclingreviews.com/top_online_shops" "Mozilla/5.0 (iPad; CPU OS 6_0 like Mac OS X) AppleWebKit/536.26 (KHTML, like Gecko) Version/6.0 Mobile/10A5355d Safari/8536.25"
198.122.118.164 - - [10/Oct/2013:12:14:36 ] "GET /saddles HTTP/1.0" 200 4986 "http://www.casualcyclist.com" "Mozilla/4.0 (compatible; MSIE 7.0; Windows NT 6.0)"
123.221.14.56 - - [10/Oct/2013:12:15:16 ] "GET /seatposts HTTP/1.0" 200 3552 "http://bleater.com" "Mozilla/5.0 (Windows; U; Windows NT 6.1; rv:2.2) Gecko/20110201"
237.43.24.118 - - [10/Oct/2013:12:20:00 ] "GET /shifters HTTP/1.0" 200 2080 "-" "Mozilla/5.0 (iPad; CPU OS 6_0 like Mac OS X) AppleWebKit/536.26 (KHTML, like Gecko) Version/6.0 Mobile/10A5355d Safari/8536.25"
218.193.16.244 - - [10/Oct/2013:12:23:33 ] "GET /stems HTTP/1.0" 200 4468 "http://searchengine.com" "Mozilla/5.0 (Linux; U; Android 2.3.5; en-us; HTC Vision Build/GRI40) AppleWebKit/533.1 (KHTML, like Gecko) Version/4.0 Mobile Safari/533.1"
244.157.45.12 - - [10/Oct/2013:12:28:08 ] "GET /shifters HTTP/1.0" 200 2744 "http://www.casualcyclist.com" "Mozilla/4.0 (compatible; MSIE 7.0; Windows NT 6.0)"
114.214.178.92 - - [10/Oct/2013:12:32:16 ] "GET /seatposts HTTP/1.0" 200 2552 "-" "Mozilla/5.0 (Windows; U; MSIE 9.0; WIndows NT 9.0; en-US))"
81.73.150.239 - - [10/Oct/2013:12:35:34 ] "GET /shifters HTTP/1.0" 200 2438 "http://bestcyclingreviews.com/top_online_shops" "Mozilla/4.0 (compatible; MSIE 7.0; Windows NT 6.0)"
114.214.178.92 - - [10/Oct/2013:12:36:39 ] "GET /forks HTTP/1.0" 200 3027 "http://searchengine.com" "Mozilla/4.0 (compatible; MSIE 7.0; Windows NT 6.0)"
198.122.118.164 - - [10/Oct/2013:12:41:33 ] "GET /shifters HTTP/1.0" 200 4528 "-" "Mozilla/4.0 (compatible; MSIE 7.0; Windows NT 6.0)"
218.193.16.244 - - [10/Oct/2013:12:42:37 ] "GET /wheelsets HTTP/1.0" 200 4601 "-" "Mozilla/5.0 (Macintosh; Intel Mac OS X 10_9_2) AppleWebKit/537.36 (KHTML, like Gecko) Chrome/36.0.1944.0 Safari/537.36"
16.180.70.237 - - [10/Oct/2013:12:45:26 ] "GET /saddles HTTP/1.0" 200 3314 "http://bleater.com" "Mozilla/5.0 (Macintosh; Intel Mac OS X 10_9_2) AppleWebKit/537.36 (KHTML, like Gecko) Chrome/36.0.1944.0 Safari/537.36"
244.157.45.12 - - [10/Oct/2013:12:48:26 ] "GET /saddles HTTP/1.0" 200 4311 "http://searchengine.com" "Mozilla/5.0 (Linux; U; Android 2.3.5; en-us; HTC Vision Build/GRI40) AppleWebKit/533.1 (KHTML, like Gecko) Version/4.0 Mobile Safari/533.1"
114.214.178.92 - - [10/Oct/2013:12:51:23 ] "GET /stems HTTP/1.0" 200 2405 "http://www.casualcyclist.com" "Mozilla/5.0 (iPad; CPU OS 6_0 like Mac OS X) AppleWebKit/536.26 (KHTML, like Gecko) Version/6.0 Mobile/10A5355d Safari/8536.25"
218.193.16.244 - - [10/Oct/2013:12:52:03 ] "GET /saddles HTTP/1.0" 200 2057 "http://bestcyclingreviews.com/top_online_shops" "Mozilla/5.0 (Windows; U; Windows NT 6.1; rv:2.2) Gecko/20110201"
237.43.24.118 - - [10/Oct/2013:12:56:19 ] "GET /stems HTTP/1.0" 200 4489 "-" "Mozilla/4.0 (compatible; MSIE 7.0; Windows NT 6.0)"
81.73.150.239 - - [10/Oct/2013:12:57:22 ] "GET /wheelsets HTTP/1.0" 200 4337 "-" "Mozilla/5.0 (iPad; CPU OS 6_0 like Mac OS X) AppleWebKit/536.26 (KHTML, like Gecko) Version/6.0 Mobile/10A5355d Safari/8536.25"
244.157.45.12 - - [10/Oct/2013:13:00:37 ] "GET /wheelsets HTTP/1.0" 200 2115 "http://www.casualcyclist.com" "Mozilla/5.0 (Macintosh; Intel Mac OS X 10_9_2) AppleWebKit/537.36 (KHTML, like Gecko) Chrome/36.0.1944.0 Safari/537.36"
198.122.118.164 - - [10/Oct/2013:13:01:28 ] "GET /stems HTTP/1.0" 200 4979 "-" "Mozilla/5.0 (Macintosh; Intel Mac OS X 10_9_2) AppleWebKit/537.36 (KHTML, like Gecko) Chrome/36.0.1944.0 Safari/537.36"
244.157.45.12 - - [10/Oct/2013:13:04:41 ] "GET /saddles HTTP/1.0" 200 2910 "http://searchengine.com" "Mozilla/4.0 (compatible; MSIE 7.0; Windows NT 6.0)"
16.180.70.237 - - [10/Oct/2013:13:06:06 ] "GET /seatposts HTTP/1.0" 200 3067 "http://bleater.com" "Mozilla/5.0 (iPad; CPU OS 6_0 like Mac OS X) AppleWebKit/536.26 (KHTML, like Gecko) Version/6.0 Mobile/10A5355d Safari/8536.25"
114.214.178.92 - - [10/Oct/2013:13:10:52 ] "GET /forks HTTP/1.0" 200 3975 "http://searchengine.com" "Mozilla/5.0 (Linux; U; Android 2.3.5; en-us; HTC Vision Build/GRI40) AppleWebKit/533.1 (KHTML, like Gecko) Version/4.0 Mobile Safari/533.1"
237.43.24.118 - - [10/Oct/2013:13:14:44 ] "GET /stems HTTP/1.0" 200 3949 "http://bleater.com" "Mozilla/5.0 (Macintosh; Intel Mac OS X 10_9_2) AppleWebKit/537.36 (KHTML, like Gecko) Chrome/36.0.1944.0 Safari/537.36"
123.221.14.56 - - [10/Oct/2013:13:16:25 ] "GET /seatposts HTTP/1.0" 200 2441 "http://searchengine.com" "Mozilla/5.0 (Windows; U; MSIE 9.0; WIndows NT 9.0; en-US))"
198.122.118.164 - - [10/Oct/2013:13:18:43 ] "GET /forks HTTP/1.0" 200 3662 "http://searchengine.com" "Mozilla/5.0 (iPad; CPU OS 6_0 like Mac OS X) AppleWebKit/536.26 (KHTML, like Gecko) Version/6.0 Mobile/10A5355d Safari/8536.25"
114.214.178.92 - - [10/Oct/2013:13:21:24 ] "GET /Store/cart.jsp?productID=1028 HTTP/1.0" 200 2814 "http://bleater.com" "Mozilla/5.0 (Linux; U; Android 2.3.5; en-us; HTC Vision Build/GRI40) AppleWebKit/533.1 (KHTML, like Gecko) Version/4.0 Mobile Safari/533.1"
114.214.178.92 - - [10/Oct/2013:13:24:58 ] "GET /Store/cart.jsp?productID=1077 HTTP/1.0" 200 4443 "http://bleater.com" "Mozilla/5.0 (Windows; U; MSIE 9.0; WIndows NT 9.0; en-US))"
16.180.70.237 - - [10/Oct/2013:13:29:52 ] "GET /saddles HTTP/1.0" 200 4739 "http://searchengine.com" "Mozilla/4.0 (compatible; MSIE 7.0; Windows NT 6.0)"
237.43.24.118 - - [10/Oct/2013:13:34:14 ] "GET /handle-bars HTTP/1.0" 200 3965 "-" "Mozilla/5.0 (iPad; CPU OS 6_0 like Mac OS X) AppleWebKit/536.26 (KHTML, like Gecko) Version/6.0 Mobile/10A5355d Safari/8536.25"
81.73.150.239 - - [10/Oct/2013:13:35:08 ] "GET /wheelsets HTTP/1.0" 200 2987 "http://searchengine.com" "Mozilla/4.0 (compatible; MSIE 7.0; Windows NT 6.0)"
123.221.14.56 - - [10/Oct/2013:13:37:41 ] "GET /wheelsets HTTP/1.0" 200 2827 "http://bestcyclingreviews.com/top_online_shops" "Mozilla/4.0 (compatible; MSIE 7.0; Windows NT 6.0)"
244.157.45.12 - - [10/Oct/2013:13:39:32 ] "GET /shifters HTTP/1.0" 200 3715 "http://bestcyclingreviews.com/top_online_shops" "Mozilla/5.0 (Linux; U; Android 2.3.5; en-us; HTC Vision Build/GRI40) AppleWebKit/533.1 (KHTML, like Gecko) Version/4.0 Mobile Safari/533.1"
10.182.189.79 - - [10/Oct/2013:13:41:51 ] "GET /seatposts HTTP/1.0" 200 4405 "-" "Mozilla/5.0 (Linux; U; Android 2.3.5; en-us; HTC Vision Build/GRI40) AppleWebKit/533.1 (KHTML, like Gecko) Version/4.0 Mobile Safari/533.1"
237.43.24.118 - - [10/Oct/2013:13:45:34 ] "GET /wheelsets HTTP/1.0" 200 4423 "http://bleater.com" "Mozilla/5.0 (iPad; CPU OS 6_0 like Mac OS X) AppleWebKit/536.26 (KHTML, like Gecko) Version/6.0 Mobile/10A5355d Safari/8536.25"
218.193.16.244 - - [10/Oct/2013:13:46:12 ] "GET /handle-bars HTTP/1.0" 200 4400 "http://bleater.com" "Mozilla/4.0 (compatible; MSIE 7.0; Windows NT 6.0)"
233.192.62.103 - - [10/Oct/2013:13:46:44 ] "GET /stems HTTP/1.0" 200 4566 "http://bestcyclingreviews.com/top_online_shops" "Mozilla/5.0 (Linux; U; Android 2.3.5; en-us; HTC Vision Build/GRI40) AppleWebKit/533.1 (KHTML, like Gecko) Version/4.0 Mobile Safari/533.1"
81.73.150.239 - - [10/Oct/2013:13:50:29 ] "GET /saddles HTTP/1.0" 200 2583 "-" "Mozilla/4.0 (compatible; MSIE 7.0; Windows NT 6.0)"
123.221.14.56 - - [10/Oct/2013:13:52:38 ] "GET /Store/cart.jsp?productID=1366 HTTP/1.0" 200 2139 "http://www.casualcyclist.com" "Mozilla/4.0 (compatible; MSIE 7.0; Windows NT 6.0)"
237.43.24.118 - - [10/Oct/2013:13:53:33 ] "GET /saddles HTTP/1.0" 200 3418 "http://bestcyclingreviews.com/top_online_shops" "Mozilla/4.0 (compatible; MSIE 7.0; Windows NT 6.0)"
218.193.16.244 - - [10/Oct/2013:13:54:54 ] "GET /stems HTTP/1.0" 200 4889 "http://www.casualcyclist.com" "Mozilla/5.0 (Macintosh; Intel Mac OS X 10_9_2) AppleWebKit/537.36 (KHTML, like Gecko) Chrome/36.0.1944.0 Safari/537.36"
10.182.189.79 - - [10/Oct/2013:13:59:31 ] "GET /stems HTTP/1.0" 200 2892 "http://bestcyclingreviews.com/top_online_shops" "Mozilla/5.0 (Macintosh; Intel Mac OS X 10_9_2) AppleWebKit/537.36 (KHTML, like Gecko) Chrome/36.0.1944.0 Safari/537.36"
114.214.178.92 - - [10/Oct/2013:14:04:04 ] "GET /stems HTTP/1.0" 200 2581 "http://bleater.com" "Mozilla/5.0 (iPad; CPU OS 6_0 like Mac OS X) AppleWebKit/536.26 (KHTML, like Gecko) Version/6.0 Mobile/10A5355d Safari/8536.25"
237.43.24.118 - - [10/Oct/2013:14:07:39 ] "GET /handle-bars HTTP/1.0" 200 4110 "http://bleater.com" "Mozilla/4.0 (compatible; MSIE 7.0; Windows NT 6.0)"
10.182.189.79 - - [10/Oct/2013:14:10:13 ] "GET /forks HTTP/1.0" 200 2972 "-" "Mozilla/5.0 (Windows; U; Windows NT 6.1; rv:2.2) Gecko/20110201"
123.221.14.56 - - [10/Oct/2013:14:15:12 ] "GET /wheelsets HTTP/1.0" 200 4003 "http://bestcyclingreviews.com/top_online_shops" "Mozilla/5.0 (iPad; CPU OS 6_0 like Mac OS X) AppleWebKit/536.26 (KHTML, like Gecko) Version/6.0 Mobile/10A5355d Safari/8536.25"
198.122.118.164 - - [10/Oct/2013:14:16:02 ] "GET /seatposts HTTP/1.0" 200 4773 "http://bestcyclingreviews.com/top_online_shops" "Mozilla/5.0 (Windows NT 5.1; rv:31.0) Gecko/20100101 Firefox/31.0"
218.193.16.244 - - [10/Oct/2013:14:19:08 ] "GET /wheelsets HTTP/1.0" 200 2077 "http://bestcyclingreviews.com/top_online_shops" "Mozilla/5.0 (Windows; U; Windows NT 6.1; rv:2.2) Gecko/20110201"
10.182.189.79 - - [10/Oct/2013:14:23:13 ] "GET /Store/cart.jsp?productID=1448 HTTP/1.0" 200 4984 "http://www.casualcyclist.com" "Mozilla/4.0 (compatible; MSIE 7.0; Windows NT 6.0)"
114.214.178.92 - - [10/Oct/2013:14:27:12 ] "GET /shifters HTTP/1.0" 200 4634 "http://searchengine.com" "Mozilla/5.0 (Windows NT 5.1; rv:31.0) Gecko/20100101 Firefox/31.0"
81.73.150.239 - - [10/Oct/2013:14:30:41 ] "GET /shifters HTTP/1.0" 200 2340 "http://www.casualcyclist.com" "Mozilla/5.0 (Windows; U; MSIE 9.0; WIndows NT 9.0; en-US))"
10.182.189.79 - - [10/Oct/2013:14:35:39 ] "GET /shifters HTTP/1.0" 200 3389 "http://bestcyclingreviews.com/top_online_shops" "Mozilla/5.0 (Linux; U; Android 2.3.5; en-us; HTC Vision Build/GRI40) AppleWebKit/533.1 (KHTML, like Gecko) Version/4.0 Mobile Safari/533.1"
123.221.14.56 - - [10/Oct/2013:14:38:30 ] "GET /seatposts HTTP/1.0" 200 2845 "-" "Mozilla/5.0 (Windows; U; Windows NT 6.1; rv:2.2) Gecko/20110201"
16.180.70.237 - - [10/Oct/2013:14:43:09 ] "GET /shifters HTTP/1.0" 200 2386 "http://searchengine.com" "Mozilla/5.0 (Windows; U; MSIE 9.0; WIndows NT 9.0; en-US))"
244.157.45.12 - - [10/Oct/2013:14:45:50 ] "GET /saddles HTTP/1.0" 200 3853 "http://searchengine.com" "Mozilla/5.0 (Windows NT 5.1; rv:31.0) Gecko/20100101 Firefox/31.0"
218.193.16.244 - - [10/Oct/2013:14:49:51 ] "GET /shifters HTTP/1.0" 200 2766 "http://bestcyclingreviews.com/top_online_shops" "Mozilla/5.0 (Windows; U; MSIE 9.0; WIndows NT 9.0; en-US))"
233.192.62.103 - - [10/Oct/2013:14:53:33 ] "GET /stems HTTP/1.0" 200 2847 "http://bleater.com" "Mozilla/5.0 (Windows; U; MSIE 9.0; WIndows NT 9.0; en-US))"
114.214.178.92 - - [10/Oct/2013:14:54:24 ] "GET /seatposts HTTP/1.0" 200 2245 "-" "Mozilla/5.0 (Windows NT 5.1; rv:31.0) Gecko/20100101 Firefox/31.0"
237.43.24.118 - - [10/Oct/2013:14:54:55 ] "GET /forks HTTP/1.0" 200 2128 "-" "Mozilla/5.0 (Windows; U; MSIE 9.0; WIndows NT 9.0; en-US))"
244.157.45.12 - - [10/Oct/2013:14:56:45 ] "GET /forks HTTP/1.0" 200 4855 "http://www.casualcyclist.com" "Mozilla/5.0 (Linux; U; Android 2.3.5; en-us; HTC Vision Build/GRI40) AppleWebKit/533.1 (KHTML, like Gecko) Version/4.0 Mobile Safari/533.1"
10.182.189.79 - - [10/Oct/2013:15:01:35 ] "GET /seatposts HTTP/1.0" 200 2715 "http://searchengine.com" "Mozilla/5.0 (Linux; U; Android 2.3.5; en-us; HTC Vision Build/GRI40) AppleWebKit/533.1 (KHTML, like Gecko) Version/4.0 Mobile Safari/533.1"
114.214.178.92 - - [10/Oct/2013:15:03:54 ] "GET /saddles HTTP/1.0" 200 4455 "http://www.casualcyclist.com" "Mozilla/5.0 (Windows; U; MSIE 9.0; WIndows NT 9.0; en-US))"
10.182.189.79 - - [10/Oct/2013:15:08:12 ] "GET /stems HTTP/1.0" 200 3633 "http://bestcyclingreviews.com/top_online_shops" "Mozilla/5.0 (Linux; U; Android 2.3.5; en-us; HTC Vision Build/GRI40) AppleWebKit/533.1 (KHTML, like Gecko) Version/4.0 Mobile Safari/533.1"
10.182.189.79 - - [10/Oct/2013:15:09:47 ] "GET /handle-bars HTTP/1.0" 200 2361 "http://bestcyclingreviews.com/top_online_shops" "Mozilla/5.0 (iPad; CPU OS 6_0 like Mac OS X) AppleWebKit/536.26 (KHTML, like Gecko) Version/6.0 Mobile/10A5355d Safari/8536.25"
233.192.62.103 - - [10/Oct/2013:15:12:23 ] "GET /Store/cart.jsp?productID=1444 HTTP/1.0" 200 3034 "http://www.casualcyclist.com" "Mozilla/5.0 (Windows NT 5.1; rv:31.0) Gecko/20100101 Firefox/31.0"
218.193.16.244 - - [10/Oct/2013:15:16:34 ] "GET /shifters HTTP/1.0" 200 3510 "-" "Mozilla/5.0 (Windows; U; MSIE 9.0; WIndows NT 9.0; en-US))"
198.122.118.164 - - [10/Oct/2013:15:17:21 ] "GET /forks HTTP/1.0" 200 2445 "http://bestcyclingreviews.com/top_online_shops" "Mozilla/5.0 (Windows; U; Windows NT 6.1; rv:2.2) Gecko/20110201"
16.180.70.237 - - [10/Oct/2013:15:20:23 ] "GET /Store/cart.jsp?productID=1153 HTTP/1.0" 200 4893 "-" "Mozilla/5.0 (iPad; CPU OS 6_0 like Mac OS X) AppleWebKit/536.26 (KHTML, like Gecko) Version/6.0 Mobile/10A5355d Safari/8536.25"
123.221.14.56 - - [10/Oct/2013:15:24:00 ] "GET /forks HTTP/1.0" 200 2753 "-" "Mozilla/4.0 (compatible; MSIE 7.0; Windows NT 6.0)"
81.73.150.239 - - [10/Oct/2013:15:28:00 ] "GET /handle-bars HTTP/1.0" 200 2965 "http://bestcyclingreviews.com/top_online_shops" "Mozilla/5.0 (Windows NT 5.1; rv:31.0) Gecko/20100101 Firefox/31.0"
123.221.14.56 - - [10/Oct/2013:15:32:21 ] "GET /wheelsets HTTP/1.0" 200 3845 "http://bleater.com" "Mozilla/5.0 (Windows NT 5.1; rv:31.0) Gecko/20100101 Firefox/31.0"
233.192.62.103 - - [10/Oct/2013:15:35:09 ] "GET /saddles HTTP/1.0" 200 3504 "http://bleater.com" "Mozilla/4.0 (compatible; MSIE 7.0; Windows NT 6.0)"
81.73.150.239 - - [10/Oct/2013:15:38:58 ] "GET /saddles HTTP/1.0" 200 2787 "-" "Mozilla/5.0 (iPad; CPU OS 6_0 like Mac OS X) AppleWebKit/536.26 (KHTML, like Gecko) Version/6.0 Mobile/10A5355d Safari/8536.25"
16.180.70.237 - - [10/Oct/2013:15:42:23 ] "GET /saddles HTTP/1.0" 200 2696 "http://searchengine.com" "Mozilla/4.0 (compatible; MSIE 7.0; Windows NT 6.0)"
10.182.189.79 - - [10/Oct/2013:15:44:25 ] "GET /wheelsets HTTP/1.0" 200 3163 "http://bestcyclingreviews.com/top_online_shops" "Mozilla/5.0 (Linux; U; Android 2.3.5; en-us; HTC Vision Build/GRI40) AppleWebKit/533.1 (KHTML, like Gecko) Version/4.0 Mobile Safari/533.1"
233.192.62.103 - - [10/Oct/2013:15:47:37 ] "GET /stems HTTP/1.0" 200 4345 "http://bleater.com" "Mozilla/5.0 (Windows NT 5.1; rv:31.0) Gecko/20100101 Firefox/31.0"
16.180.70.237 - - [10/Oct/2013:15:49:31 ] "GET /forks HTTP/1.0" 200 2009 "http://bestcyclingreviews.com/top_online_shops" "Mozilla/5.0 (Windows NT 5.1; rv:31.0) Gecko/20100101 Firefox/31.0"
81.73.150.239 - - [10/Oct/2013:15:52:22 ] "GET /shifters HTTP/1.0" 200 2613 "http://bestcyclingreviews.com/top_online_shops" "Mozilla/5.0 (iPad; CPU OS 6_0 like Mac OS X) AppleWebKit/536.26 (KHTML, like Gecko) Version/6.0 Mobile/10A5355d Safari/8536.25"
114.214.178.92 - - [10/Oct/2013:15:56:58 ] "GET /seatposts HTTP/1.0" 200 3238 "http://bestcyclingreviews.com/top_online_shops" "Mozilla/5.0 (Linux; U; Android 2.3.5; en-us; HTC Vision Build/GRI40) AppleWebKit/533.1 (KHTML, like Gecko) Version/4.0 Mobile Safari/533.1"
198.122.118.164 - - [10/Oct/2013:16:01:05 ] "GET /forks HTTP/1.0" 200 4954 "-" "Mozilla/5.0 (Windows NT 5.1; rv:31.0) Gecko/20100101 Firefox/31.0"
16.180.70.237 - - [10/Oct/2013:16:03:05 ] "GET /seatposts HTTP/1.0" 200 3426 "http://www.casualcyclist.com" "Mozilla/5.0 (Windows NT 5.1; rv:31.0) Gecko/20100101 Firefox/31.0"
237.43.24.118 - - [10/Oct/2013:16:06:38 ] "GET /saddles HTTP/1.0" 200 3086 "http://bleater.com" "Mozilla/5.0 (iPad; CPU OS 6_0 like Mac OS X) AppleWebKit/536.26 (KHTML, like Gecko) Version/6.0 Mobile/10A5355d Safari/8536.25"
198.122.118.164 - - [10/Oct/2013:16:09:25 ] "GET /stems HTTP/1.0" 200 2830 "http://bleater.com" "Mozilla/5.0 (Windows NT 5.1; rv:31.0) Gecko/20100101 Firefox/31.0"
244.157.45.12 - - [10/Oct/2013:16:10:20 ] "GET /shifters HTTP/1.0" 200 3565 "http://bleater.com" "Mozilla/5.0 (iPad; CPU OS 6_0 like Mac OS X) AppleWebKit/536.26 (KHTML, like Gecko) Version/6.0 Mobile/10A5355d Safari/8536.25"
237.43.24.118 - - [10/Oct/2013:16:13:05 ] "GET /stems HTTP/1.0" 200 4809 "http://searchengine.com" "Mozilla/5.0 (Windows; U; Windows NT 6.1; rv:2.2) Gecko/20110201"
114.214.178.92 - - [10/Oct/2013:16:17:25 ] "GET /seatposts HTTP/1.0" 200 4954 "http://bleater.com" "Mozilla/5.0 (Windows NT 5.1; rv:31.0) Gecko/20100101 Firefox/31.0"
244.157.45.12 - - [10/Oct/2013:16:18:17 ] "GET /Store/cart.jsp?productID=1462 HTTP/1.0" 200 2615 "http://searchengine.com" "Mozilla/5.0 (iPad; CPU OS 6_0 like Mac OS X) AppleWebKit/536.26 (KHTML, like Gecko) Version/6.0 Mobile/10A5355d Safari/8536.25"
237.43.24.118 - - [10/Oct/2013:16:22:52 ] "GET /shifters HTTP/1.0" 200 2240 "http://www.casualcyclist.com" "Mozilla/5.0 (Windows; U; MSIE 9.0; WIndows NT 9.0; en-US))"
10.182.189.79 - - [10/Oct/2013:16:26:02 ] "GET /Store/cart.jsp?productID=1419 HTTP/1.0" 200 3697 "http://bestcyclingreviews.com/top_online_shops" "Mozilla/5.0 (Linux; U; Android 2.3.5; en-us; HTC Vision Build/GRI40) AppleWebKit/533.1 (KHTML, like Gecko) Version/4.0 Mobile Safari/533.1"
81.73.150.239 - - [10/Oct/2013:16:27:46 ] "GET /Store/cart.jsp?productID=1342 HTTP/1.0" 200 3987 "http://bleater.com" "Mozilla/5.0 (iPad; CPU OS 6_0 like Mac OS X) AppleWebKit/536.26 (KHTML, like Gecko) Version/6.0 Mobile/10A5355d Safari/8536.25"
10.182.189.79 - - [10/Oct/2013:16:31:30 ] "GET /stems HTTP/1.0" 200 4303 "http://searchengine.com" "Mozilla/5.0 (Macintosh; Intel Mac OS X 10_9_2) AppleWebKit/537.36 (KHTML, like Gecko) Chrome/36.0.1944.0 Safari/537.36"
81.73.150.239 - - [10/Oct/2013:16:34:25 ] "GET /shifters HTTP/1.0" 200 2647 "http://bestcyclingreviews.com/top_online_shops" "Mozilla/5.0 (Macintosh; Intel Mac OS X 10_9_2) AppleWebKit/537.36 (KHTML, like Gecko) Chrome/36.0.1944.0 Safari/537.36"
218.193.16.244 - - [10/Oct/2013:16:36:14 ] "GET /handle-bars HTTP/1.0" 200 4623 "http://bleater.com" "Mozilla/5.0 (Windows; U; Windows NT 6.1; rv:2.2) Gecko/20110201"
16.180.70.237 - - [10/Oct/2013:16:41:01 ] "GET /handle-bars HTTP/1.0" 200 4740 "http://www.casualcyclist.com" "Mozilla/5.0 (iPad; CPU OS 6_0 like Mac OS X) AppleWebKit/536.26 (KHTML, like Gecko) Version/6.0 Mobile/10A5355d Safari/8536.25"
123.221.14.56 - - [10/Oct/2013:16:42:39 ] "GET /wheelsets HTTP/1.0" 200 2292 "-" "Mozilla/5.0 (iPad; CPU OS 6_0 like Mac OS X) AppleWebKit/536.26 (KHTML, like Gecko) Version/6.0 Mobile/10A5355d Safari/8536.25"
10.182.189.79 - - [10/Oct/2013:16:43:31 ] "GET /saddles HTTP/1.0" 200 4911 "http://bleater.com" "Mozilla/5.0 (Linux; U; Android 2.3.5; en-us; HTC Vision Build/GRI40) AppleWebKit/533.1 (KHTML, like Gecko) Version/4.0 Mobile Safari/533.1"
16.180.70.237 - - [10/Oct/2013:16:44:11 ] "GET /forks HTTP/1.0" 200 3973 "http://searchengine.com" "Mozilla/5.0 (Windows NT 5.1; rv:31.0) Gecko/20100101 Firefox/31.0"
10.182.189.79 - - [10/Oct/2013:16:49:01 ] "GET /saddles HTTP/1.0" 200 4102 "http://www.casualcyclist.com" "Mozilla/5.0 (Macintosh; Intel Mac OS X 10_9_2) AppleWebKit/537.36 (KHTML, like Gecko) Chrome/36.0.1944.0 Safari/537.36"
198.122.118.164 - - [10/Oct/2013:16:49:33 ] "GET /shifters HTTP/1.0" 200 3219 "http://www.casualcyclist.com" "Mozilla/5.0 (Windows; U; MSIE 9.0; WIndows NT 9.0; en-US))"
123.221.14.56 - - [10/Oct/2013:16:53:24 ] "GET /Store/cart.jsp?productID=1245 HTTP/1.0" 200 2631 "http://www.casualcyclist.com" "Mozilla/4.0 (compatible; MSIE 7.0; Windows NT 6.0)"
233.192.62.103 - - [10/Oct/2013:16:56:16 ] "GET /forks HTTP/1.0" 200 2803 "http://bleater.com" "Mozilla/5.0 (Macintosh; Intel Mac OS X 10_9_2) AppleWebKit/537.36 (KHTML, like Gecko) Chrome/36.0.1944.0 Safari/537.36"
218.193.16.244 - - [10/Oct/2013:16:59:28 ] "GET /saddles HTTP/1.0" 200 3363 "http://bestcyclingreviews.com/top_online_shops" "Mozilla/4.0 (compatible; MSIE 7.0; Windows NT 6.0)"
233.192.62.103 - - [10/Oct/2013:17:00:16 ] "GET /saddles HTTP/1.0" 200 3766 "http://searchengine.com" "Mozilla/5.0 (Macintosh; Intel Mac OS X 10_9_2) AppleWebKit/537.36 (KHTML, like Gecko) Chrome/36.0.1944.0 Safari/537.36"
218.193.16.244 - - [10/Oct/2013:17:00:58 ] "GET /wheelsets HTTP/1.0" 200 4730 "http://bleater.com" "Mozilla/4.0 (compatible; MSIE 7.0; Windows NT 6.0)"
10.182.189.79 - - [10/Oct/2013:17:04:27 ] "GET /shifters HTTP/1.0" 200 4266 "http://www.casualcyclist.com" "Mozilla/5.0 (Linux; U; Android 2.3.5; en-us; HTC Vision Build/GRI40) AppleWebKit/533.1 (KHTML, like Gecko) Version/4.0 Mobile Safari/533.1"
237.43.24.118 - - [10/Oct/2013:17:07:43 ] "GET /Store/cart.jsp?productID=1493 HTTP/1.0" 200 3941 "http://bestcyclingreviews.com/top_online_shops" "Mozilla/5.0 (Windows; U; MSIE 9.0; WIndows NT 9.0; en-US))"
81.73.150.239 - - [10/Oct/2013:17:11:54 ] "GET /stems HTTP/1.0" 200 4084 "http://www.casualcyclist.com" "Mozilla/5.0 (Macintosh; Intel Mac OS X 10_9_2) AppleWebKit/537.36 (KHTML, like Gecko) Chrome/36.0.1944.0 Safari/537.36"
244.157.45.12 - - [10/Oct/2013:17:16:22 ] "GET /wheelsets HTTP/1.0" 200 2673 "http://www.casualcyclist.com" "Mozilla/5.0 (Windows NT 5.1; rv:31.0) Gecko/20100101 Firefox/31.0"
244.157.45.12 - - [10/Oct/2013:17:18:58 ] "GET /forks HTTP/1.0" 200 3334 "http://bestcyclingreviews.com/top_online_shops" "Mozilla/5.0 (iPad; CPU OS 6_0 like Mac OS X) AppleWebKit/536.26 (KHTML, like Gecko) Version/6.0 Mobile/10A5355d Safari/8536.25"
237.43.24.118 - - [10/Oct/2013:17:23:56 ] "GET /forks HTTP/1.0" 200 4624 "http://bestcyclingreviews.com/top_online_shops" "Mozilla/5.0 (Windows; U; MSIE 9.0; WIndows NT 9.0; en-US))"
81.73.150.239 - - [10/Oct/2013:17:25:36 ] "GET /saddles HTTP/1.0" 200 2384 "-" "Mozilla/5.0 (Windows NT 5.1; rv:31.0) Gecko/20100101 Firefox/31.0"
10.182.189.79 - - [10/Oct/2013:17:26:19 ] "GET /forks HTTP/1.0" 200 2854 "http://searchengine.com" "Mozilla/5.0 (Linux; U; Android 2.3.5; en-us; HTC Vision Build/GRI40) AppleWebKit/533.1 (KHTML, like Gecko) Version/4.0 Mobile Safari/533.1"
123.221.14.56 - - [10/Oct/2013:17:29:25 ] "GET /handle-bars HTTP/1.0" 200 2851 "http://searchengine.com" "Mozilla/5.0 (Windows; U; Windows NT 6.1; rv:2.2) Gecko/20110201"
123.221.14.56 - - [10/Oct/2013:17:33:21 ] "GET /shifters HTTP/1.0" 200 2106 "http://bleater.com" "Mozilla/5.0 (Windows; U; Windows NT 6.1; rv:2.2) Gecko/20110201"
218.193.16.244 - - [10/Oct/2013:17:36:47 ] "GET /handle-bars HTTP/1.0" 200 4017 "http://www.casualcyclist.com" "Mozilla/5.0 (Macintosh; Intel Mac OS X 10_9_2) AppleWebKit/537.36 (KHTML, like Gecko) Chrome/36.0.1944.0 Safari/537.36"
244.157.45.12 - - [10/Oct/2013:17:39:57 ] "GET /Store/cart.jsp?productID=1224 HTTP/1.0" 200 2126 "-" "Mozilla/5.0 (Windows; U; Windows NT 6.1; rv:2.2) Gecko/20110201"
218.193.16.244 - - [10/Oct/2013:17:42:53 ] "GET /Store/cart.jsp?productID=1038 HTTP/1.0" 200 4872 "http://searchengine.com" "Mozilla/4.0 (compatible; MSIE 7.0; Windows NT 6.0)"
218.193.16.244 - - [10/Oct/2013:17:47:01 ] "GET /handle-bars HTTP/1.0" 200 3311 "http://www.casualcyclist.com" "Mozilla/4.0 (compatible; MSIE 7.0; Windows NT 6.0)"
244.157.45.12 - - [10/Oct/2013:17:50:52 ] "GET /stems HTTP/1.0" 200 2168 "http://searchengine.com" "Mozilla/5.0 (Windows; U; MSIE 9.0; WIndows NT 9.0; en-US))"
198.122.118.164 - - [10/Oct/2013:17:55:09 ] "GET /stems HTTP/1.0" 200 2796 "-" "Mozilla/5.0 (Linux; U; Android 2.3.5; en-us; HTC Vision Build/GRI40) AppleWebKit/533.1 (KHTML, like Gecko) Version/4.0 Mobile Safari/533.1"
16.180.70.237 - - [10/Oct/2013:17:55:40 ] "GET /handle-bars HTTP/1.0" 200 4384 "http://www.casualcyclist.com" "Mozilla/5.0 (Windows NT 5.1; rv:31.0) Gecko/20100101 Firefox/31.0"
233.192.62.103 - - [10/Oct/2013:17:58:44 ] "GET /stems HTTP/1.0" 200 4399 "-" "Mozilla/5.0 (Windows NT 5.1; rv:31.0) Gecko/20100101 Firefox/31.0"
123.221.14.56 - - [10/Oct/2013:17:59:44 ] "GET /forks HTTP/1.0" 200 2191 "http://bleater.com" "Mozilla/5.0 (Macintosh; Intel Mac OS X 10_9_2) AppleWebKit/537.36 (KHTML, like Gecko) Chrome/36.0.1944.0 Safari/537.36"
218.193.16.244 - - [10/Oct/2013:18:04:28 ] "GET /wheelsets HTTP/1.0" 200 4699 "http://bestcyclingreviews.com/top_online_shops" "Mozilla/5.0 (Macintosh; Intel Mac OS X 10_9_2) AppleWebKit/537.36 (KHTML, like Gecko) Chrome/36.0.1944.0 Safari/537.36"
81.73.150.239 - - [10/Oct/2013:18:07:51 ] "GET /forks HTTP/1.0" 200 3510 "http://bleater.com" "Mozilla/5.0 (Windows; U; MSIE 9.0; WIndows NT 9.0; en-US))"
10.182.189.79 - - [10/Oct/2013:18:10:33 ] "GET /shifters HTTP/1.0" 200 2471 "-" "Mozilla/5.0 (iPad; CPU OS 6_0 like Mac OS X) AppleWebKit/536.26 (KHTML, like Gecko) Version/6.0 Mobile/10A5355d Safari/8536.25"
114.214.178.92 - - [10/Oct/2013:18:14:56 ] "GET /handle-bars HTTP/1.0" 200 3121 "http://bleater.com" "Mozilla/5.0 (Macintosh; Intel Mac OS X 10_9_2) AppleWebKit/537.36 (KHTML, like Gecko) Chrome/36.0.1944.0 Safari/537.36"
16.180.70.237 - - [10/Oct/2013:18:16:27 ] "GET /stems HTTP/1.0" 200 2159 "http://searchengine.com" "Mozilla/5.0 (Macintosh; Intel Mac OS X 10_9_2) AppleWebKit/537.36 (KHTML, like Gecko) Chrome/36.0.1944.0 Safari/537.36"
123.221.14.56 - - [10/Oct/2013:18:20:08 ] "GET /handle-bars HTTP/1.0" 200 3325 "http://bestcyclingreviews.com/top_online_shops" "Mozilla/5.0 (Linux; U; Android 2.3.5; en-us; HTC Vision Build/GRI40) AppleWebKit/533.1 (KHTML, like Gecko) Version/4.0 Mobile Safari/533.1"
16.180.70.237 - - [10/Oct/2013:18:22:30 ] "GET /saddles HTTP/1.0" 200 2870 "-" "Mozilla/4.0 (compatible; MSIE 7.0; Windows NT 6.0)"
114.214.178.92 - - [10/Oct/2013:18:24:15 ] "GET /handle-bars HTTP/1.0" 200 2090 "http://bestcyclingreviews.com/top_online_shops" "Mozilla/5.0 (Linux; U; Android 2.3.5; en-us; HTC Vision Build/GRI40) AppleWebKit/533.1 (KHTML, like Gecko) Version/4.0 Mobile Safari/533.1"
198.122.118.164 - - [10/Oct/2013:18:25:07 ] "GET /forks HTTP/1.0" 200 4132 "-" "Mozilla/5.0 (iPad; CPU OS 6_0 like Mac OS X) AppleWebKit/536.26 (KHTML, like Gecko) Version/6.0 Mobile/10A5355d Safari/8536.25"
244.157.45.12 - - [10/Oct/2013:18:29:23 ] "GET /handle-bars HTTP/1.0" 200 2653 "http://www.casualcyclist.com" "Mozilla/4.0 (compatible; MSIE 7.0; Windows NT 6.0)"
218.193.16.244 - - [10/Oct/2013:18:33:28 ] "GET /seatposts HTTP/1.0" 200 3930 "-" "Mozilla/5.0 (Linux; U; Android 2.3.5; en-us; HTC Vision Build/GRI40) AppleWebKit/533.1 (KHTML, like Gecko) Version/4.0 Mobile Safari/533.1"
218.193.16.244 - - [10/Oct/2013:18:35:49 ] "GET /stems HTTP/1.0" 200 3964 "http://bestcyclingreviews.com/top_online_shops" "Mozilla/5.0 (iPad; CPU OS 6_0 like Mac OS X) AppleWebKit/536.26 (KHTML, like Gecko) Version/6.0 Mobile/10A5355d Safari/8536.25"
10.182.189.79 - - [10/Oct/2013:18:37:05 ] "GET /wheelsets HTTP/1.0" 200 2249 "http://searchengine.com" "Mozilla/5.0 (Windows; U; Windows NT 6.1; rv:2.2) Gecko/20110201"
123.221.14.56 - - [10/Oct/2013:18:41:07 ] "GET /handle-bars HTTP/1.0" 200 3869 "http://searchengine.com" "Mozilla/4.0 (compatible; MSIE 7.0; Windows NT 6.0)"
244.157.45.12 - - [10/Oct/2013:18:45:34 ] "GET /forks HTTP/1.0" 200 4206 "http://www.casualcyclist.com" "Mozilla/5.0 (Macintosh; Intel Mac OS X 10_9_2) AppleWebKit/537.36 (KHTML, like Gecko) Chrome/36.0.1944.0 Safari/537.36"
16.180.70.237 - - [10/Oct/2013:18:50:02 ] "GET /wheelsets HTTP/1.0" 200 2423 "http://searchengine.com" "Mozilla/5.0 (Linux; U; Android 2.3.5; en-us; HTC Vision Build/GRI40) AppleWebKit/533.1 (KHTML, like Gecko) Version/4.0 Mobile Safari/533.1"
218.193.16.244 - - [10/Oct/2013:18:54:45 ] "GET /forks HTTP/1.0" 200 4911 "http://bleater.com" "Mozilla/5.0 (Windows; U; MSIE 9.0; WIndows NT 9.0; en-US))"
81.73.150.239 - - [10/Oct/2013:18:58:56 ] "GET /shifters HTTP/1.0" 200 3295 "http://searchengine.com" "Mozilla/4.0 (compatible; MSIE 7.0; Windows NT 6.0)"
218.193.16.244 - - [10/Oct/2013:19:00:24 ] "GET /forks HTTP/1.0" 200 4176 "http://bleater.com" "Mozilla/5.0 (Macintosh; Intel Mac OS X 10_9_2) AppleWebKit/537.36 (KHTML, like Gecko) Chrome/36.0.1944.0 Safari/537.36"
123.221.14.56 - - [10/Oct/2013:19:04:49 ] "GET /forks HTTP/1.0" 200 3543 "http://bleater.com" "Mozilla/5.0 (Macintosh; Intel Mac OS X 10_9_2) AppleWebKit/537.36 (KHTML, like Gecko) Chrome/36.0.1944.0 Safari/537.36"
237.43.24.118 - - [10/Oct/2013:19:06:51 ] "GET /seatposts HTTP/1.0" 200 4163 "http://searchengine.com" "Mozilla/5.0 (iPad; CPU OS 6_0 like Mac OS X) AppleWebKit/536.26 (KHTML, like Gecko) Version/6.0 Mobile/10A5355d Safari/8536.25"
10.182.189.79 - - [10/Oct/2013:19:11:09 ] "GET /saddles HTTP/1.0" 200 2830 "http://www.casualcyclist.com" "Mozilla/5.0 (Windows NT 5.1; rv:31.0) Gecko/20100101 Firefox/31.0"
10.182.189.79 - - [10/Oct/2013:19:15:24 ] "GET /stems HTTP/1.0" 200 4597 "http://bestcyclingreviews.com/top_online_shops" "Mozilla/5.0 (iPad; CPU OS 6_0 like Mac OS X) AppleWebKit/536.26 (KHTML, like Gecko) Version/6.0 Mobile/10A5355d Safari/8536.25"
123.221.14.56 - - [10/Oct/2013:19:16:25 ] "GET /Store/cart.jsp?productID=1116 HTTP/1.0" 200 3618 "http://www.casualcyclist.com" "Mozilla/5.0 (Windows; U; Windows NT 6.1; rv:2.2) Gecko/20110201"
218.193.16.244 - - [10/Oct/2013:19:18:22 ] "GET /wheelsets HTTP/1.0" 200 3509 "http://searchengine.com" "Mozilla/4.0 (compatible; MSIE 7.0; Windows NT 6.0)"
198.122.118.164 - - [10/Oct/2013:19:22:04 ] "GET /wheelsets HTTP/1.0" 200 3546 "http://bestcyclingreviews.com/top_online_shops" "Mozilla/4.0 (compatible; MSIE 7.0; Windows NT 6.0)"
218.193.16.244 - - [10/Oct/2013:19:25:19 ] "GET /shifters HTTP/1.0" 200 2034 "http://searchengine.com" "Mozilla/5.0 (Windows NT 5.1; rv:31.0) Gecko/20100101 Firefox/31.0"
244.157.45.12 - - [10/Oct/2013:19:26:16 ] "GET /stems HTTP/1.0" 200 4689 "http://www.casualcyclist.com" "Mozilla/5.0 (Windows; U; MSIE 9.0; WIndows NT 9.0; en-US))"
237.43.24.118 - - [10/Oct/2013:19:28:01 ] "GET /wheelsets HTTP/1.0" 200 2038 "http://searchengine.com" "Mozilla/5.0 (Windows NT 5.1; rv:31.0) Gecko/20100101 Firefox/31.0"
114.214.178.92 - - [10/Oct/2013:19:28:52 ] "GET /shifters HTTP/1.0" 200 3766 "http://searchengine.com" "Mozilla/5.0 (Windows; U; Windows NT 6.1; rv:2.2) Gecko/20110201"
10.182.189.79 - - [10/Oct/2013:19:31:34 ] "GET /seatposts HTTP/1.0" 200 3073 "http://www.casualcyclist.com" "Mozilla/5.0 (Windows; U; MSIE 9.0; WIndows NT 9.0; en-US))"
218.193.16.244 - - [10/Oct/2013:19:33:39 ] "GET /Store/cart.jsp?productID=1095 HTTP/1.0" 200 3295 "http://bleater.com" "Mozilla/4.0 (compatible; MSIE 7.0; Windows NT 6.0)"
16.180.70.237 - - [10/Oct/2013:19:35:49 ] "GET /Store/cart.jsp?productID=1320 HTTP/1.0" 200 2272 "http://bestcyclingreviews.com/top_online_shops" "Mozilla/5.0 (Linux; U; Android 2.3.5; en-us; HTC Vision Build/GRI40) AppleWebKit/533.1 (KHTML, like Gecko) Version/4.0 Mobile Safari/533.1"
81.73.150.239 - - [10/Oct/2013:19:40:44 ] "GET /forks HTTP/1.0" 200 3340 "http://bestcyclingreviews.com/top_online_shops" "Mozilla/5.0 (iPad; CPU OS 6_0 like Mac OS X) AppleWebKit/536.26 (KHTML, like Gecko) Version/6.0 Mobile/10A5355d Safari/8536.25"
114.214.178.92 - - [10/Oct/2013:19:45:27 ] "GET /shifters HTTP/1.0" 200 2485 "http://bleater.com" "Mozilla/5.0 (iPad; CPU OS 6_0 like Mac OS X) AppleWebKit/536.26 (KHTML, like Gecko) Version/6.0 Mobile/10A5355d Safari/8536.25"
10.182.189.79 - - [10/Oct/2013:19:50:14 ] "GET /Store/cart.jsp?productID=1274 HTTP/1.0" 200 2993 "http://www.casualcyclist.com" "Mozilla/5.0 (Windows; U; MSIE 9.0; WIndows NT 9.0; en-US))"
218.193.16.244 - - [10/Oct/2013:19:51:15 ] "GET /forks HTTP/1.0" 200 4127 "http://bestcyclingreviews.com/top_online_shops" "Mozilla/5.0 (Windows; U; MSIE 9.0; WIndows NT 9.0; en-US))"
237.43.24.118 - - [10/Oct/2013:19:55:46 ] "GET /wheelsets HTTP/1.0" 200 3501 "http://bleater.com" "Mozilla/5.0 (Macintosh; Intel Mac OS X 10_9_2) AppleWebKit/537.36 (KHTML, like Gecko) Chrome/36.0.1944.0 Safari/537.36"
114.214.178.92 - - [10/Oct/2013:19:58:15 ] "GET /saddles HTTP/1.0" 200 2693 "http://searchengine.com" "Mozilla/5.0 (Linux; U; Android 2.3.5; en-us; HTC Vision Build/GRI40) AppleWebKit/533.1 (KHTML, like Gecko) Version/4.0 Mobile Safari/533.1"
233.192.62.103 - - [10/Oct/2013:20:02:57 ] "GET /forks HTTP/1.0" 200 2377 "-" "Mozilla/4.0 (compatible; MSIE 7.0; Windows NT 6.0)"
10.182.189.79 - - [10/Oct/2013:20:06:42 ] "GET /forks HTTP/1.0" 200 3130 "-" "Mozilla/5.0 (iPad; CPU OS 6_0 like Mac OS X) AppleWebKit/536.26 (KHTML, like Gecko) Version/6.0 Mobile/10A5355d Safari/8536.25"
81.73.150.239 - - [10/Oct/2013:20:10:07 ] "GET /saddles HTTP/1.0" 200 3358 "http://www.casualcyclist.com" "Mozilla/5.0 (Windows; U; Windows NT 6.1; rv:2.2) Gecko/20110201"
198.122.118.164 - - [10/Oct/2013:20:10:51 ] "GET /forks HTTP/1.0" 200 3938 "http://bleater.com" "Mozilla/5.0 (Macintosh; Intel Mac OS X 10_9_2) AppleWebKit/537.36 (KHTML, like Gecko) Chrome/36.0.1944.0 Safari/537.36"
233.192.62.103 - - [10/Oct/2013:20:13:13 ] "GET /forks HTTP/1.0" 200 4415 "-" "Mozilla/5.0 (Macintosh; Intel Mac OS X 10_9_2) AppleWebKit/537.36 (KHTML, like Gecko) Chrome/36.0.1944.0 Safari/537.36"
244.157.45.12 - - [10/Oct/2013:20:15:31 ] "GET /forks HTTP/1.0" 200 2244 "http://www.casualcyclist.com" "Mozilla/5.0 (Windows; U; MSIE 9.0; WIndows NT 9.0; en-US))"
81.73.150.239 - - [10/Oct/2013:20:17:07 ] "GET /forks HTTP/1.0" 200 4557 "http://www.casualcyclist.com" "Mozilla/4.0 (compatible; MSIE 7.0; Windows NT 6.0)"
237.43.24.118 - - [10/Oct/2013:20:19:46 ] "GET /Store/cart.jsp?productID=1274 HTTP/1.0" 200 3929 "-" "Mozilla/5.0 (Linux; U; Android 2.3.5; en-us; HTC Vision Build/GRI40) AppleWebKit/533.1 (KHTML, like Gecko) Version/4.0 Mobile Safari/533.1"
123.221.14.56 - - [10/Oct/2013:20:21:52 ] "GET /wheelsets HTTP/1.0" 200 4193 "http://bleater.com" "Mozilla/5.0 (Linux; U; Android 2.3.5; en-us; HTC Vision Build/GRI40) AppleWebKit/533.1 (KHTML, like Gecko) Version/4.0 Mobile Safari/533.1"
237.43.24.118 - - [10/Oct/2013:20:25:39 ] "GET /saddles HTTP/1.0" 200 2883 "http://bleater.com" "Mozilla/5.0 (Macintosh; Intel Mac OS X 10_9_2) AppleWebKit/537.36 (KHTML, like Gecko) Chrome/36.0.1944.0 Safari/537.36"
244.157.45.12 - - [10/Oct/2013:20:26:32 ] "GET /Store/cart.jsp?productID=1313 HTTP/1.0" 200 4728 "http://www.casualcyclist.com" "Mozilla/5.0 (Macintosh; Intel Mac OS X 10_9_2) AppleWebKit/537.36 (KHTML, like Gecko) Chrome/36.0.1944.0 Safari/537.36"
244.157.45.12 - - [10/Oct/2013:20:31:23 ] "GET /saddles HTTP/1.0" 200 2918 "-" "Mozilla/4.0 (compatible; MSIE 7.0; Windows NT 6.0)"
114.214.178.92 - - [10/Oct/2013:20:33:35 ] "GET /saddles HTTP/1.0" 200 4051 "http://bestcyclingreviews.com/top_online_shops" "Mozilla/4.0 (compatible; MSIE 7.0; Windows NT 6.0)"
114.214.178.92 - - [10/Oct/2013:20:35:20 ] "GET /forks HTTP/1.0" 200 3422 "-" "Mozilla/5.0 (Macintosh; Intel Mac OS X 10_9_2) AppleWebKit/537.36 (KHTML, like Gecko) Chrome/36.0.1944.0 Safari/537.36"
244.157.45.12 - - [10/Oct/2013:20:35:56 ] "GET /seatposts HTTP/1.0" 200 2885 "http://searchengine.com" "Mozilla/5.0 (Linux; U; Android 2.3.5; en-us; HTC Vision Build/GRI40) AppleWebKit/533.1 (KHTML, like Gecko) Version/4.0 Mobile Safari/533.1"
218.193.16.244 - - [10/Oct/2013:20:37:58 ] "GET /shifters HTTP/1.0" 200 4371 "http://searchengine.com" "Mozilla/5.0 (Windows; U; Windows NT 6.1; rv:2.2) Gecko/20110201"
198.122.118.164 - - [10/Oct/2013:20:40:53 ] "GET /saddles HTTP/1.0" 200 4212 "http://searchengine.com" "Mozilla/5.0 (Windows NT 5.1; rv:31.0) Gecko/20100101 Firefox/31.0"
81.73.150.239 - - [10/Oct/2013:20:42:11 ] "GET /handle-bars HTTP/1.0" 200 3430 "http://searchengine.com" "Mozilla/5.0 (Windows; U; MSIE 9.0; WIndows NT 9.0; en-US))"
237.43.24.118 - - [10/Oct/2013:20:43:48 ] "GET /saddles HTTP/1.0" 200 4396 "http://www.casualcyclist.com" "Mozilla/5.0 (iPad; CPU OS 6_0 like Mac OS X) AppleWebKit/536.26 (KHTML, like Gecko) Version/6.0 Mobile/10A5355d Safari/8536.25"
198.122.118.164 - - [10/Oct/2013:20:47:56 ] "GET /forks HTTP/1.0" 200 2278 "http://searchengine.com" "Mozilla/5.0 (Linux; U; Android 2.3.5; en-us; HTC Vision Build/GRI40) AppleWebKit/533.1 (KHTML, like Gecko) Version/4.0 Mobile Safari/533.1"
218.193.16.244 - - [10/Oct/2013:20:48:34 ] "GET /handle-bars HTTP/1.0" 200 2311 "http://bestcyclingreviews.com/top_online_shops" "Mozilla/5.0 (Windows; U; Windows NT 6.1; rv:2.2) Gecko/20110201"
123.221.14.56 - - [10/Oct/2013:20:49:58 ] "GET /Store/cart.jsp?productID=1113 HTTP/1.0" 200 2401 "http://bleater.com" "Mozilla/5.0 (Macintosh; Intel Mac OS X 10_9_2) AppleWebKit/537.36 (KHTML, like Gecko) Chrome/36.0.1944.0 Safari/537.36"
244.157.45.12 - - [10/Oct/2013:20:53:02 ] "GET /shifters HTTP/1.0" 200 3601 "http://bestcyclingreviews.com/top_online_shops" "Mozilla/5.0 (Windows NT 5.1; rv:31.0) Gecko/20100101 Firefox/31.0"
16.180.70.237 - - [10/Oct/2013:20:57:44 ] "GET /seatposts HTTP/1.0" 200 4507 "http://bleater.com" "Mozilla/5.0 (Linux; U; Android 2.3.5; en-us; HTC Vision Build/GRI40) AppleWebKit/533.1 (KHTML, like Gecko) Version/4.0 Mobile Safari/533.1"
233.192.62.103 - - [10/Oct/2013:21:02:38 ] "GET /stems HTTP/1.0" 200 4827 "http://www.casualcyclist.com" "Mozilla/5.0 (Macintosh; Intel Mac OS X 10_9_2) AppleWebKit/537.36 (KHTML, like Gecko) Chrome/36.0.1944.0 Safari/537.36"
81.73.150.239 - - [10/Oct/2013:21:04:04 ] "GET /stems HTTP/1.0" 200 4508 "http://www.casualcyclist.com" "Mozilla/5.0 (Windows NT 5.1; rv:31.0) Gecko/20100101 Firefox/31.0"
244.157.45.12 - - [10/Oct/2013:21:05:32 ] "GET /stems HTTP/1.0" 200 2993 "http://bleater.com" "Mozilla/5.0 (Linux; U; Android 2.3.5; en-us; HTC Vision Build/GRI40) AppleWebKit/533.1 (KHTML, like Gecko) Version/4.0 Mobile Safari/533.1"
10.182.189.79 - - [10/Oct/2013:21:06:32 ] "GET /saddles HTTP/1.0" 200 3486 "http://bestcyclingreviews.com/top_online_shops" "Mozilla/5.0 (iPad; CPU OS 6_0 like Mac OS X) AppleWebKit/536.26 (KHTML, like Gecko) Version/6.0 Mobile/10A5355d Safari/8536.25"
10.182.189.79 - - [10/Oct/2013:21:09:42 ] "GET /handle-bars HTTP/1.0" 200 4620 "http://bestcyclingreviews.com/top_online_shops" "Mozilla/5.0 (Macintosh; Intel Mac OS X 10_9_2) AppleWebKit/537.36 (KHTML, like Gecko) Chrome/36.0.1944.0 Safari/537.36"
244.157.45.12 - - [10/Oct/2013:21:11:06 ] "GET /handle-bars HTTP/1.0" 200 2048 "http://bleater.com" "Mozilla/5.0 (iPad; CPU OS 6_0 like Mac OS X) AppleWebKit/536.26 (KHTML, like Gecko) Version/6.0 Mobile/10A5355d Safari/8536.25"
244.157.45.12 - - [10/Oct/2013:21:13:23 ] "GET /wheelsets HTTP/1.0" 200 4042 "-" "Mozilla/5.0 (iPad; CPU OS 6_0 like Mac OS X) AppleWebKit/536.26 (KHTML, like Gecko) Version/6.0 Mobile/10A5355d Safari/8536.25"
198.122.118.164 - - [10/Oct/2013:21:16:34 ] "GET /Store/cart.jsp?productID=1130 HTTP/1.0" 200 4826 "http://bleater.com" "Mozilla/5.0 (Linux; U; Android 2.3.5; en-us; HTC Vision Build/GRI40) AppleWebKit/533.1 (KHTML, like Gecko) Version/4.0 Mobile Safari/533.1"
123.221.14.56 - - [10/Oct/2013:21:18:22 ] "GET /forks HTTP/1.0" 200 4419 "http://searchengine.com" "Mozilla/5.0 (Windows; U; MSIE 9.0; WIndows NT 9.0; en-US))"
16.180.70.237 - - [10/Oct/2013:21:22:08 ] "GET /shifters HTTP/1.0" 200 2462 "http://bestcyclingreviews.com/top_online_shops" "Mozilla/5.0 (Windows; U; Windows NT 6.1; rv:2.2) Gecko/20110201"
123.221.14.56 - - [10/Oct/2013:21:26:41 ] "GET /handle-bars HTTP/1.0" 200 2987 "http://bestcyclingreviews.com/top_online_shops" "Mozilla/4.0 (compatible; MSIE 7.0; Windows NT 6.0)"
198.122.118.164 - - [10/Oct/2013:21:27:59 ] "GET /stems HTTP/1.0" 200 2349 "http://bleater.com" "Mozilla/5.0 (Macintosh; Intel Mac OS X 10_9_2) AppleWebKit/537.36 (KHTML, like Gecko) Chrome/36.0.1944.0 Safari/537.36"
81.73.150.239 - - [10/Oct/2013:21:32:29 ] "GET /handle-bars HTTP/1.0" 200 4379 "http://bestcyclingreviews.com/top_online_shops" "Mozilla/5.0 (Windows NT 5.1; rv:31.0) Gecko/20100101 Firefox/31.0"
114.214.178.92 - - [10/Oct/2013:21:35:29 ] "GET /Store/cart.jsp?productID=1328 HTTP/1.0" 200 4399 "http://www.casualcyclist.com" "Mozilla/5.0 (iPad; CPU OS 6_0 like Mac OS X) AppleWebKit/536.26 (KHTML, like Gecko) Version/6.0 Mobile/10A5355d Safari/8536.25"
237.43.24.118 - - [10/Oct/2013:21:37:52 ] "GET /Store/cart.jsp?productID=1106 HTTP/1.0" 200 3264 "http://bestcyclingreviews.com/top_online_shops" "Mozilla/5.0 (Windows; U; Windows NT 6.1; rv:2.2) Gecko/20110201"
81.73.150.239 - - [10/Oct/2013:21:38:57 ] "GET /shifters HTTP/1.0" 200 3650 "http://bestcyclingreviews.com/top_online_shops" "Mozilla/5.0 (iPad; CPU OS 6_0 like Mac OS X) AppleWebKit/536.26 (KHTML, like Gecko) Version/6.0 Mobile/10A5355d Safari/8536.25"
16.180.70.237 - - [10/Oct/2013:21:42:01 ] "GET /forks HTTP/1.0" 200 4927 "http://searchengine.com" "Mozilla/5.0 (Windows; U; Windows NT 6.1; rv:2.2) Gecko/20110201"
218.193.16.244 - - [10/Oct/2013:21:42:40 ] "GET /wheelsets HTTP/1.0" 200 3350 "http://bestcyclingreviews.com/top_online_shops" "Mozilla/5.0 (Windows NT 5.1; rv:31.0) Gecko/20100101 Firefox/31.0"
244.157.45.12 - - [10/Oct/2013:21:44:56 ] "GET /seatposts HTTP/1.0" 200 2750 "http://bleater.com" "Mozilla/5.0 (Macintosh; Intel Mac OS X 10_9_2) AppleWebKit/537.36 (KHTML, like Gecko) Chrome/36.0.1944.0 Safari/537.36"
198.122.118.164 - - [10/Oct/2013:21:49:41 ] "GET /stems HTTP/1.0" 200 4791 "http://www.casualcyclist.com" "Mozilla/5.0 (Windows; U; Windows NT 6.1; rv:2.2) Gecko/20110201"
10.182.189.79 - - [10/Oct/2013:21:53:39 ] "GET /seatposts HTTP/1.0" 200 2767 "http://bestcyclingreviews.com/top_online_shops" "Mozilla/4.0 (compatible; MSIE 7.0; Windows NT 6.0)"
123.221.14.56 - - [10/Oct/2013:21:57:49 ] "GET /saddles HTTP/1.0" 200 4735 "http://searchengine.com" "Mozilla/5.0 (Linux; U; Android 2.3.5; en-us; HTC Vision Build/GRI40) AppleWebKit/533.1 (KHTML, like Gecko) Version/4.0 Mobile Safari/533.1"
237.43.24.118 - - [10/Oct/2013:21:58:39 ] "GET /shifters HTTP/1.0" 200 4670 "http://www.casualcyclist.com" "Mozilla/5.0 (Windows; U; Windows NT 6.1; rv:2.2) Gecko/20110201"
244.157.45.12 - - [10/Oct/2013:22:00:45 ] "GET /shifters HTTP/1.0" 200 4302 "http://searchengine.com" "Mozilla/5.0 (iPad; CPU OS 6_0 like Mac OS X) AppleWebKit/536.26 (KHTML, like Gecko) Version/6.0 Mobile/10A5355d Safari/8536.25"
244.157.45.12 - - [10/Oct/2013:22:02:17 ] "GET /wheelsets HTTP/1.0" 200 2438 "-" "Mozilla/5.0 (Windows; U; Windows NT 6.1; rv:2.2) Gecko/20110201"
244.157.45.12 - - [10/Oct/2013:22:06:42 ] "GET /saddles HTTP/1.0" 200 3982 "http://searchengine.com" "Mozilla/5.0 (Windows; U; Windows NT 6.1; rv:2.2) Gecko/20110201"
16.180.70.237 - - [10/Oct/2013:22:09:48 ] "GET /shifters HTTP/1.0" 200 3920 "http://bleater.com" "Mozilla/5.0 (iPad; CPU OS 6_0 like Mac OS X) AppleWebKit/536.26 (KHTML, like Gecko) Version/6.0 Mobile/10A5355d Safari/8536.25"
81.73.150.239 - - [10/Oct/2013:22:11:17 ] "GET /saddles HTTP/1.0" 200 3023 "http://www.casualcyclist.com" "Mozilla/5.0 (Linux; U; Android 2.3.5; en-us; HTC Vision Build/GRI40) AppleWebKit/533.1 (KHTML, like Gecko) Version/4.0 Mobile Safari/533.1"
123.221.14.56 - - [10/Oct/2013:22:14:46 ] "GET /wheelsets HTTP/1.0" 200 2784 "http://bleater.com" "Mozilla/5.0 (Windows NT 5.1; rv:31.0) Gecko/20100101 Firefox/31.0"
218.193.16.244 - - [10/Oct/2013:22:19:01 ] "GET /stems HTTP/1.0" 200 2941 "http://www.casualcyclist.com" "Mozilla/4.0 (compatible; MSIE 7.0; Windows NT 6.0)"
16.180.70.237 - - [10/Oct/2013:22:22:52 ] "GET /forks HTTP/1.0" 200 2252 "http://bleater.com" "Mozilla/5.0 (iPad; CPU OS 6_0 like Mac OS X) AppleWebKit/536.26 (KHTML, like Gecko) Version/6.0 Mobile/10A5355d Safari/8536.25"
218.193.16.244 - - [10/Oct/2013:22:26:01 ] "GET /shifters HTTP/1.0" 200 3436 "-" "Mozilla/5.0 (Macintosh; Intel Mac OS X 10_9_2) AppleWebKit/537.36 (KHTML, like Gecko) Chrome/36.0.1944.0 Safari/537.36"
10.182.189.79 - - [10/Oct/2013:22:30:56 ] "GET /seatposts HTTP/1.0" 200 4596 "http://www.casualcyclist.com" "Mozilla/5.0 (Windows NT 5.1; rv:31.0) Gecko/20100101 Firefox/31.0"
233.192.62.103 - - [10/Oct/2013:22:31:28 ] "GET /seatposts HTTP/1.0" 200 2962 "-" "Mozilla/5.0 (iPad; CPU OS 6_0 like Mac OS X) AppleWebKit/536.26 (KHTML, like Gecko) Version/6.0 Mobile/10A5355d Safari/8536.25"
114.214.178.92 - - [10/Oct/2013:22:32:16 ] "GET /forks HTTP/1.0" 200 3703 "http://www.casualcyclist.com" "Mozilla/5.0 (Linux; U; Android 2.3.5; en-us; HTC Vision Build/GRI40) AppleWebKit/533.1 (KHTML, like Gecko) Version/4.0 Mobile Safari/533.1"
81.73.150.239 - - [10/Oct/2013:22:34:34 ] "GET /stems HTTP/1.0" 200 2369 "http://www.casualcyclist.com" "Mozilla/5.0 (iPad; CPU OS 6_0 like Mac OS X) AppleWebKit/536.26 (KHTML, like Gecko) Version/6.0 Mobile/10A5355d Safari/8536.25"
244.157.45.12 - - [10/Oct/2013:22:36:56 ] "GET /handle-bars HTTP/1.0" 200 3364 "-" "Mozilla/4.0 (compatible; MSIE 7.0; Windows NT 6.0)"
237.43.24.118 - - [10/Oct/2013:22:39:20 ] "GET /seatposts HTTP/1.0" 200 2345 "http://www.casualcyclist.com" "Mozilla/5.0 (Macintosh; Intel Mac OS X 10_9_2) AppleWebKit/537.36 (KHTML, like Gecko) Chrome/36.0.1944.0 Safari/537.36"
244.157.45.12 - - [10/Oct/2013:22:41:21 ] "GET /wheelsets HTTP/1.0" 200 2532 "http://searchengine.com" "Mozilla/5.0 (Macintosh; Intel Mac OS X 10_9_2) AppleWebKit/537.36 (KHTML, like Gecko) Chrome/36.0.1944.0 Safari/537.36"
10.182.189.79 - - [10/Oct/2013:22:42:25 ] "GET /Store/cart.jsp?productID=1330 HTTP/1.0" 200 4764 "http://www.casualcyclist.com" "Mozilla/4.0 (compatible; MSIE 7.0; Windows NT 6.0)"
10.182.189.79 - - [10/Oct/2013:22:43:07 ] "GET /seatposts HTTP/1.0" 200 2257 "http://searchengine.com" "Mozilla/4.0 (compatible; MSIE 7.0; Windows NT 6.0)"
